#-----------------------------------------------------------
# Webtalk v2020.2 (64-bit)
# SW Build 3064766 on Wed Nov 18 09:12:47 MST 2020
# IP Build 3064653 on Wed Nov 18 14:17:31 MST 2020
# Start of session at: Sun Mar 14 17:05:45 2021
# Process ID: 30523
# Current directory: /run/media/ondra/enc/Sync/BPC-EKT2L/BPC-DE1/cviceni/Digital-electronics-1/Labs/05-counter/counter/counter.sim/sim_1/behav/xsim
# Command line: wbtcv -mode batch -source /run/media/ondra/enc/Sync/BPC-EKT2L/BPC-DE1/cviceni/Digital-electronics-1/Labs/05-counter/counter/counter.sim/sim_1/behav/xsim/xsim.dir/tb_clock_enable_behav/webtalk/xsim_webtalk.tcl -notrace
# Log file: /run/media/ondra/enc/Sync/BPC-EKT2L/BPC-DE1/cviceni/Digital-electronics-1/Labs/05-counter/counter/counter.sim/sim_1/behav/xsim/webtalk.log
# Journal file: /run/media/ondra/enc/Sync/BPC-EKT2L/BPC-DE1/cviceni/Digital-electronics-1/Labs/05-counter/counter/counter.sim/sim_1/behav/xsim/webtalk.jou
#-----------------------------------------------------------
source /run/media/ondra/enc/Sync/BPC-EKT2L/BPC-DE1/cviceni/Digital-electronics-1/Labs/05-counter/counter/counter.sim/sim_1/behav/xsim/xsim.dir/tb_clock_enable_behav/webtalk/xsim_webtalk.tcl -notrace
